[wrapper] 13:24:34 promote 9.9.1 · log /Users/cesar/wworkspace/productos/vergis-wt-v16/deploy/rollout/bench/.run/rings/promote-9.9.1-1788441874.log · nodo compose: benchv14-vergis-1
[wrapper] 13:24:35.727989000 SIGUSR2 → benchv14-vergis-1 (suelta el control; sigue sirviendo lecturas)
----- salida de vergis-rollout -----
· candidato: 9.9.1 (vergis-9-9-1)
  fase del candidato: standby
  esquema del store: candidato soporta 1 · archivo en 1 → compatible
  borde: config vigente válida · el conmutador responde 200
· intent de handover: el sucesor es 'vergis-9-9-1' (vence en 30s)
{"level":"info","ts":1788441875.5645766,"msg":"using config from file","file":"/etc/caddy/Caddyfile"}
{"level":"info","ts":1788441875.5662253,"msg":"adapted config to JSON","adapter":"caddyfile"}
  borde: conmutado a 'vergis-9-9-1' (caddy reload en caliente, sin cortar conexiones)
· no hay anillo activo vivo: el candidato tomará el control por relevo del lease
· esperando que el candidato declare 'serving' (presupuesto: 30s desde el flip)…
  candidato en 'serving'
  borde: entrega el predicado completo · upstreams: [{"address":"vergis-9-9-1:8080","num_requests":0,"fails":0}]
  smoke: por el borde → 200 · phase=serving · PIs /
  smoke: índice por el borde → 200
✓ 9.9.1 es el anillo ACTIVO. Previo (rollback en caliente): ninguno.
  El serving no se interrumpió; la escritura estuvo congelada durante el handover (409 explícitos).
-----
[wrapper] promote rc=0 · señal enviada=1
