
######## preparar · 14:57:34
· levantando el mundo (clickhouse + borde)…
 Container benchv14-clickhouse Creating 
 Container benchv14-clickhouse Created 
 Container benchv14-caddy Creating 
 Container benchv14-caddy Created 
 Container benchv14-clickhouse Starting 
 Container benchv14-clickhouse Started 
 Container benchv14-clickhouse Waiting 
 Container benchv14-clickhouse Healthy 
 Container benchv14-caddy Starting 
 Container benchv14-caddy Started 
· creando el NODO COMPOSE benchv14-vergis-1 (SIN VERGIS_RING, alias de red 'vergis')…
  verificado: el nodo compose NO lleva VERGIS_RING ni VERGIS_RING_DIGEST
  fase del nodo compose: 200 {"ok":true,"engine":"clickhouse","phase":"serving"}
· verificando los 9 PIs por el CONMUTADOR (que es lo que un cliente ve)…
{"pisServidos":9,"de":9,"malos":[]}

── estado VIVO (leído del sujeto) ──
  nodo compose (benchv14-vergis-1): 200 {"ok":true,"engine":"clickhouse","phase":"serving"}
  anillo 9.9.1 (vergis-9-9-1): no existe
  borde → dial vigente: "upstreams":[{"dial":"vergis:8080"}]}]}]}}}} 
  borde → upstreams: [{"address":"vergis:8080","num_requests":0,"fails":0}]
  lease → {  "holder": "vergis@9ec5da527560/7",  "ring": null,  "epoch": 12,  "renewedAt": "2026-09-03T14:57:48.887Z",  "pid": 7}

✓ mundo V-16 listo: activo = NODO COMPOSE sin identidad de anillo, ruteado por 'vergis:8080'.
rc=0

######## v16a · 14:57:51
── V-16a · install 9.9.1 con el NODO COMPOSE activo ──
  lease ANTES: {  "holder": "vergis@9ec5da527560/7",  "ring": null,  "epoch": 12,  "renewedAt": "2026-09-03T14:57:48.887Z",  "pid": 7}
· imagen: benchv14/vergis:9.9.1
  digest: sha256:09f69f311bd5223e8e6348b5952e56a082c9e8cf0d18942f788f3f0bc199d793
· create vergis-9-9-1
· start vergis-9-9-1 — esperando que responda…
  fase observada: standby
✓ anillo 9.9.1 instalado (standby). Retención vigente: 3 — 'prune' retira lo que sobre.
  (rc=0)
rc=0
fase nodo compose : 200 {"ok":true,"engine":"clickhouse","phase":"serving"}
fase anillo 9.9.1  : 200 {"ok":true,"engine":"clickhouse","phase":"standby"}
lease antes       : {  "holder": "vergis@9ec5da527560/7",  "ring": null,  "epoch": 12,  "renewedAt": "2026-09-03T14:57:48.887Z",  "pid": 7}

lease despues     : {  "holder": "vergis@9ec5da527560/7",  "ring": null,  "epoch": 12,  "renewedAt": "2026-09-03T14:57:54.899Z",  "pid": 7}
borde dial        : "upstreams":[{"dial":"vergis:8080"}]}]}]}}}} 
rc=0

######## cn-instrumento · 14:57:56
── CN-instrumento · brazo A: poller DIRECTO al anillo en espera (vergis-9-9-1) ──
  sujeto ANTES de medir: 200 {"ok":true,"engine":"clickhouse","phase":"standby"}
 Container benchv14-clickhouse Running 
 Container benchv14-caddy Running 
 Container benchv14-poller Creating 
 Container benchv14-poller Created 
 Container benchv14-clickhouse Waiting 
 Container benchv14-clickhouse Healthy 
 Container benchv14-poller Starting 
 Container benchv14-poller Started 
{
  "etiqueta": "CN-instrumento A · poller directo al anillo EN ESPERA",
  "ventanaDelActo": {
    "inicio": 1788447477000,
    "fin": 1788447492000,
    "duracionMs": 15000
  },
  "muestras": {
    "total": 526,
    "enVentana": 495,
    "OK": 0,
    "MAL": 495,
    "SINMEDIR": 0
  },
  "fueraDePredicado": 495,
  "tramoA": {
    "respuestas200Standby": 495,
    "ventana": {
      "desde": 1788447477418,
      "hasta": 1788447492007,
      "duracionMs": 14589
    },
    "relativoAlActoMs": {
      "desde": 418,
      "hasta": 15007
    }
  },
  "espera503": {
    "respuestas": 0,
    "ventana": null,
    "relativoAlActoMs": null,
    "latenciaMaxMs": null
  },
  "otrasRespuestasFueraDePredicado": [],
  "latenciaDeLasOK": {
    "p50": null,
    "p95": null,
    "p100": null
  },
  "sinmedirDetalle": []
}

── CN-instrumento · brazo B: poller contra un destino INEXISTENTE ──
 Container benchv14-clickhouse Running 
 Container benchv14-caddy Running 
 Container benchv14-poller Recreate 
 Container benchv14-poller Recreated 
 Container benchv14-clickhouse Waiting 
 Container benchv14-clickhouse Healthy 
 Container benchv14-poller Starting 
 Container benchv14-poller Started 
{
  "etiqueta": "CN-instrumento B · poller contra un destino inexistente",
  "ventanaDelActo": {
    "inicio": 1788447494000,
    "fin": 1788447503000,
    "duracionMs": 9000
  },
  "muestras": {
    "total": 283,
    "enVentana": 274,
    "OK": 0,
    "MAL": 0,
    "SINMEDIR": 274
  },
  "fueraDePredicado": 0,
  "tramoA": {
    "respuestas200Standby": 0,
    "ventana": null,
    "relativoAlActoMs": null
  },
  "espera503": {
    "respuestas": 0,
    "ventana": null,
    "relativoAlActoMs": null,
    "latenciaMaxMs": null
  },
  "otrasRespuestasFueraDePredicado": [],
  "latenciaDeLasOK": {
    "p50": null,
    "p95": null,
    "p100": null
  },
  "sinmedirDetalle": [
    {
      "t0": 1788447495038,
      "ms": 27,
      "motivo": "TypeError:fetch failed"
    },
    {
      "t0": 1788447495007,
      "ms": 58,
      "motivo": "TypeError:fetch failed"
    },
    {
      "t0": 1788447495066,
      "ms": 4,
      "motivo": "TypeError:fetch failed"
    },
    {
      "t0": 1788447495095,
      "ms": 5,
      "motivo": "TypeError:fetch failed"
    },
    {
      "t0": 1788447495124,
      "ms": 6,
      "motivo": "TypeError:fetch failed"
    },
    {
      "t0": 1788447495153,
      "ms": 5,
      "motivo": "TypeError:fetch failed"
    },
    {
      "t0": 1788447495182,
      "ms": 6,
      "motivo": "TypeError:fetch failed"
    },
    {
      "t0": 1788447495213,
      "ms": 5,
      "motivo": "TypeError:fetch failed"
    },
    {
      "t0": 1788447495242,
      "ms": 13,
      "motivo": "TypeError:fetch failed"
    },
    {
      "t0": 1788447495271,
      "ms": 5,
      "motivo": "TypeError:fetch failed"
    },
    {
      "t0": 1788447495302,
      "ms": 4,
      "motivo": "TypeError:fetch failed"
    },
    {
      "t0": 1788447495331,
      "ms": 5,
      "motivo": "TypeError:fetch failed"
    },
    {
      "t0": 1788447495360,
      "ms": 5,
      "motivo": "TypeError:fetch failed"
    },
    {
      "t0": 1788447495389,
      "ms": 4,
      "motivo": "TypeError:fetch failed"
    },
    {
      "t0": 1788447495418,
      "ms": 5,
      "motivo": "TypeError:fetch failed"
    },
    {
      "t0": 1788447495447,
      "ms": 4,
      "motivo": "TypeError:fetch failed"
    },
    {
      "t0": 1788447495477,
      "ms": 7,
      "motivo": "TypeError:fetch failed"
    },
    {
      "t0": 1788447495507,
      "ms": 5,
      "motivo": "TypeError:fetch failed"
    },
    {
      "t0": 1788447495537,
      "ms": 8,
      "motivo": "TypeError:fetch failed"
    },
    {
      "t0": 1788447495566,
      "ms": 7,
      "motivo": "TypeError:fetch failed"
    }
  ]
}

  LECTURA: A pasa con 0 OK y todo MAL (phase=standby). B pasa con 0 OK y todo SINMEDIR.
  Un OK en cualquiera de los dos brazos invalida TODA medición de V-16.
rc=0

######## v16b-cn · 14:58:24
── v16b-cn · V-16b CONTROL NEGATIVO · promote A SECAS con el activo sin identidad de anillo ──
── estado VIVO (leído del sujeto) ──
  nodo compose (benchv14-vergis-1): 200 {"ok":true,"engine":"clickhouse","phase":"serving"}
  anillo 9.9.1 (vergis-9-9-1): 200 {"ok":true,"engine":"clickhouse","phase":"standby"}
  borde → dial vigente: "upstreams":[{"dial":"vergis:8080"}]}]}]}}}} 
  borde → upstreams: [{"address":"vergis:8080","num_requests":0,"fails":0}]
  rings.json → active: 
  lease → {  "holder": "vergis@9ec5da527560/7",  "ring": null,  "epoch": 12,  "renewedAt": "2026-09-03T14:58:22.921Z",  "pid": 7}
 Container benchv14-clickhouse Running 
 Container benchv14-caddy Running 
 Container benchv14-mutador Creating 
 Container benchv14-poller Recreate 
 Container benchv14-mutador Created 
 Container benchv14-poller Recreated 
 Container benchv14-clickhouse Waiting 
 Container benchv14-clickhouse Healthy 
 Container benchv14-mutador Starting 
 Container benchv14-poller Starting 
 Container benchv14-poller Started 
 Container benchv14-mutador Started 
· instrumento y mutador arriba; 8 s de línea base…
  (rc=1 · la duración del comando NO es la medición)
· 12 s de cierre…
{
  "ejecutadas": 23,
  "vivas": 23,
  "perdidas": []
}
{
  "etiqueta": "V-16b CONTROL NEGATIVO · promote A SECAS con el activo sin identidad de anillo",
  "ventanaDelActo": {
    "inicio": 1788447513000,
    "fin": 1788447528000,
    "duracionMs": 15000
  },
  "muestras": {
    "total": 1173,
    "enVentana": 502,
    "OK": 61,
    "MAL": 441,
    "SINMEDIR": 0
  },
  "fueraDePredicado": 441,
  "tramoA": {
    "respuestas200Standby": 0,
    "ventana": null,
    "relativoAlActoMs": null
  },
  "espera503": {
    "respuestas": 441,
    "ventana": {
      "desde": 1788447514812,
      "hasta": 1788447528614,
      "duracionMs": 13802
    },
    "relativoAlActoMs": {
      "desde": 1812,
      "hasta": 15614
    },
    "latenciaMaxMs": 13697
  },
  "otrasRespuestasFueraDePredicado": [],
  "latenciaDeLasOK": {
    "p50": 3,
    "p95": 6,
    "p100": 11
  },
  "sinmedirDetalle": [],
  "mutaciones": {
    "enVentana": 15,
    "ejecutadas": 2,
    "rechazos409": 0,
    "fallos": [
      {
        "t0": 1788447527785,
        "status": 503,
        "cuerpo": "<!doctype html> <!-- SALA DE ESPERA del borde (issue #210 · I7). La sirve Caddy con status 503 cuando, agotado `lb_try_duration`, ningún anillo declara la fase `serving`. EL LITERAL `phase` + `serving` NO SE ESCRIBE JUNTO EN ESTE ARCHIVO, n"
      },
      {
        "t0": 1788447515769,
        "status": 503,
        "cuerpo": "<!doctype html> <!-- SALA DE ESPERA del borde (issue #210 · I7). La sirve Caddy con status 503 cuando, agotado `lb_try_duration`, ningún anillo declara la fase `serving`. EL LITERAL `phase` + `serving` NO SE ESCRIBE JUNTO EN ESTE ARCHIVO, n"
      },
      {
        "t0": 1788447519775,
        "status": 503,
        "cuerpo": "<!doctype html> <!-- SALA DE ESPERA del borde (issue #210 · I7). La sirve Caddy con status 503 cuando, agotado `lb_try_duration`, ningún anillo declara la fase `serving`. EL LITERAL `phase` + `serving` NO SE ESCRIBE JUNTO EN ESTE ARCHIVO, n"
      },
      {
        "t0": 1788447518772,
        "status": 503,
        "cuerpo": "<!doctype html> <!-- SALA DE ESPERA del borde (issue #210 · I7). La sirve Caddy con status 503 cuando, agotado `lb_try_duration`, ningún anillo declara la fase `serving`. EL LITERAL `phase` + `serving` NO SE ESCRIBE JUNTO EN ESTE ARCHIVO, n"
      },
      {
        "t0": 1788447521778,
        "status": 503,
        "cuerpo": "<!doctype html> <!-- SALA DE ESPERA del borde (issue #210 · I7). La sirve Caddy con status 503 cuando, agotado `lb_try_duration`, ningún anillo declara la fase `serving`. EL LITERAL `phase` + `serving` NO SE ESCRIBE JUNTO EN ESTE ARCHIVO, n"
      },
      {
        "t0": 1788447525783,
        "status": 503,
        "cuerpo": "<!doctype html> <!-- SALA DE ESPERA del borde (issue #210 · I7). La sirve Caddy con status 503 cuando, agotado `lb_try_duration`, ningún anillo declara la fase `serving`. EL LITERAL `phase` + `serving` NO SE ESCRIBE JUNTO EN ESTE ARCHIVO, n"
      },
      {
        "t0": 1788447517771,
        "status": 503,
        "cuerpo": "<!doctype html> <!-- SALA DE ESPERA del borde (issue #210 · I7). La sirve Caddy con status 503 cuando, agotado `lb_try_duration`, ningún anillo declara la fase `serving`. EL LITERAL `phase` + `serving` NO SE ESCRIBE JUNTO EN ESTE ARCHIVO, n"
      },
      {
        "t0": 1788447522778,
        "status": 503,
        "cuerpo": "<!doctype html> <!-- SALA DE ESPERA del borde (issue #210 · I7). La sirve Caddy con status 503 cuando, agotado `lb_try_duration`, ningún anillo declara la fase `serving`. EL LITERAL `phase` + `serving` NO SE ESCRIBE JUNTO EN ESTE ARCHIVO, n"
      },
      {
        "t0": 1788447526784,
        "status": 503,
        "cuerpo": "<!doctype html> <!-- SALA DE ESPERA del borde (issue #210 · I7). La sirve Caddy con status 503 cuando, agotado `lb_try_duration`, ningún anillo declara la fase `serving`. EL LITERAL `phase` + `serving` NO SE ESCRIBE JUNTO EN ESTE ARCHIVO, n"
      },
      {
        "t0": 1788447520776,
        "status": 503,
        "cuerpo": "<!doctype html> <!-- SALA DE ESPERA del borde (issue #210 · I7). La sirve Caddy con status 503 cuando, agotado `lb_try_duration`, ningún anillo declara la fase `serving`. EL LITERAL `phase` + `serving` NO SE ESCRIBE JUNTO EN ESTE ARCHIVO, n"
      },
      {
        "t0": 1788447523781,
        "status": 503,
        "cuerpo": "<!doctype html> <!-- SALA DE ESPERA del borde (issue #210 · I7). La sirve Caddy con status 503 cuando, agotado `lb_try_duration`, ningún anillo declara la fase `serving`. EL LITERAL `phase` + `serving` NO SE ESCRIBE JUNTO EN ESTE ARCHIVO, n"
      },
      {
        "t0": 1788447524782,
        "status": 503,
        "cuerpo": "<!doctype html> <!-- SALA DE ESPERA del borde (issue #210 · I7). La sirve Caddy con status 503 cuando, agotado `lb_try_duration`, ningún anillo declara la fase `serving`. EL LITERAL `phase` + `serving` NO SE ESCRIBE JUNTO EN ESTE ARCHIVO, n"
      },
      {
        "t0": 1788447516770,
        "status": 503,
        "cuerpo": "<!doctype html> <!-- SALA DE ESPERA del borde (issue #210 · I7). La sirve Caddy con status 503 cuando, agotado `lb_try_duration`, ningún anillo declara la fase `serving`. EL LITERAL `phase` + `serving` NO SE ESCRIBE JUNTO EN ESTE ARCHIVO, n"
      }
    ],
    "sinmedir": 0,
    "latenciaMaxMs": 12594
  }
}

── estado VIVO (leído del sujeto) ──
  nodo compose (benchv14-vergis-1): 200 {"ok":true,"engine":"clickhouse","phase":"serving"}
  anillo 9.9.1 (vergis-9-9-1): 200 {"ok":true,"engine":"clickhouse","phase":"standby"}
  borde → dial vigente: "upstreams":[{"dial":"vergis:8080"}]}]}]}}}} 
  borde → upstreams: [{"address":"vergis:8080","num_requests":0,"fails":0}]
  rings.json → active: 
  lease → {  "holder": "vergis@9ec5da527560/7",  "ring": null,  "epoch": 12,  "renewedAt": "2026-09-03T14:59:02.953Z",  "pid": 7}
rc=0

######## v16b · 14:59:03
── v16b · V-16b · primera promocion CON wrapper (SIGUSR2 al nodo compose) ──
── estado VIVO (leído del sujeto) ──
  nodo compose (benchv14-vergis-1): 200 {"ok":true,"engine":"clickhouse","phase":"serving"}
  anillo 9.9.1 (vergis-9-9-1): 200 {"ok":true,"engine":"clickhouse","phase":"standby"}
  borde → dial vigente: "upstreams":[{"dial":"vergis:8080"}]}]}]}}}} 
  borde → upstreams: [{"address":"vergis:8080","num_requests":0,"fails":0}]
  rings.json → active: 
  lease → {  "holder": "vergis@9ec5da527560/7",  "ring": null,  "epoch": 12,  "renewedAt": "2026-09-03T14:59:02.953Z",  "pid": 7}
 Container benchv14-clickhouse Running 
 Container benchv14-caddy Running 
 Container benchv14-poller Recreate 
 Container benchv14-mutador Recreate 
 Container benchv14-mutador Recreated 
 Container benchv14-poller Recreated 
 Container benchv14-clickhouse Waiting 
 Container benchv14-clickhouse Healthy 
 Container benchv14-mutador Starting 
 Container benchv14-poller Starting 
 Container benchv14-poller Started 
 Container benchv14-mutador Started 
· instrumento y mutador arriba; 8 s de línea base…
  (rc=0 · la duración del comando NO es la medición)
· 12 s de cierre…
{
  "ejecutadas": 24,
  "vivas": 24,
  "perdidas": []
}
{
  "etiqueta": "V-16b · primera promocion CON wrapper (SIGUSR2 al nodo compose)",
  "ventanaDelActo": {
    "inicio": 1788447553000,
    "fin": 1788447556000,
    "duracionMs": 3000
  },
  "muestras": {
    "total": 789,
    "enVentana": 103,
    "OK": 103,
    "MAL": 0,
    "SINMEDIR": 0
  },
  "fueraDePredicado": 0,
  "tramoA": {
    "respuestas200Standby": 0,
    "ventana": null,
    "relativoAlActoMs": null
  },
  "espera503": {
    "respuestas": 0,
    "ventana": null,
    "relativoAlActoMs": null,
    "latenciaMaxMs": null
  },
  "otrasRespuestasFueraDePredicado": [],
  "latenciaDeLasOK": {
    "p50": 3,
    "p95": 1006,
    "p100": 1078
  },
  "sinmedirDetalle": [],
  "mutaciones": {
    "enVentana": 3,
    "ejecutadas": 3,
    "rechazos409": 0,
    "fallos": [],
    "sinmedir": 0,
    "latenciaMaxMs": 1105
  }
}

── estado VIVO (leído del sujeto) ──
  nodo compose (benchv14-vergis-1): 200 {"ok":true,"engine":"clickhouse","phase":"standby"}
  anillo 9.9.1 (vergis-9-9-1): 200 {"ok":true,"engine":"clickhouse","phase":"serving"}
  borde → dial vigente: "upstreams":[{"dial":"vergis-9-9-1:8080"}]}]}]}}}} 
  borde → upstreams: [{"address":"vergis-9-9-1:8080","num_requests":0,"fails":0}]
  rings.json → active: 9.9.1
  lease → {  "holder": "vergis@d05c545c16c9/7",  "ring": "vergis-9-9-1",  "epoch": 13,  "renewedAt": "2026-09-03T14:59:30.851Z",  "pid": 7}
rc=0

######## v16c · 14:59:31
── v16c · V-16c · vuelta atras manual: anillo -> nodo compose ──
── estado VIVO (leído del sujeto) ──
  nodo compose (benchv14-vergis-1): 200 {"ok":true,"engine":"clickhouse","phase":"standby"}
  anillo 9.9.1 (vergis-9-9-1): 200 {"ok":true,"engine":"clickhouse","phase":"serving"}
  borde → dial vigente: "upstreams":[{"dial":"vergis-9-9-1:8080"}]}]}]}}}} 
  borde → upstreams: [{"address":"vergis-9-9-1:8080","num_requests":0,"fails":0}]
  rings.json → active: 9.9.1
  lease → {  "holder": "vergis@d05c545c16c9/7",  "ring": "vergis-9-9-1",  "epoch": 13,  "renewedAt": "2026-09-03T14:59:30.851Z",  "pid": 7}
 Container benchv14-clickhouse Running 
 Container benchv14-caddy Running 
 Container benchv14-poller Recreate 
 Container benchv14-mutador Recreate 
 Container benchv14-poller Recreated 
 Container benchv14-mutador Recreated 
 Container benchv14-clickhouse Waiting 
 Container benchv14-clickhouse Healthy 
 Container benchv14-mutador Starting 
 Container benchv14-poller Starting 
 Container benchv14-mutador Started 
 Container benchv14-poller Started 
· instrumento y mutador arriba; 8 s de línea base…
  (rc=0 · la duración del comando NO es la medición)
· 12 s de cierre…
{
  "ejecutadas": 21,
  "vivas": 21,
  "perdidas": []
}
{
  "etiqueta": "V-16c · vuelta atras manual: anillo -> nodo compose",
  "ventanaDelActo": {
    "inicio": 1788447580000,
    "fin": 1788447581000,
    "duracionMs": 1000
  },
  "muestras": {
    "total": 697,
    "enVentana": 34,
    "OK": 34,
    "MAL": 0,
    "SINMEDIR": 0
  },
  "fueraDePredicado": 0,
  "tramoA": {
    "respuestas200Standby": 0,
    "ventana": null,
    "relativoAlActoMs": null
  },
  "espera503": {
    "respuestas": 0,
    "ventana": null,
    "relativoAlActoMs": null,
    "latenciaMaxMs": null
  },
  "otrasRespuestasFueraDePredicado": [],
  "latenciaDeLasOK": {
    "p50": 5,
    "p95": 505,
    "p100": 507
  },
  "sinmedirDetalle": [],
  "mutaciones": {
    "enVentana": 1,
    "ejecutadas": 1,
    "rechazos409": 0,
    "fallos": [],
    "sinmedir": 0,
    "latenciaMaxMs": 20
  }
}

── estado VIVO (leído del sujeto) ──
  nodo compose (benchv14-vergis-1): 200 {"ok":true,"engine":"clickhouse","phase":"serving"}
  anillo 9.9.1 (vergis-9-9-1): 200 {"ok":true,"engine":"clickhouse","phase":"standby"}
  borde → dial vigente: "upstreams":[{"dial":"vergis:8080"}]}]}]}}}} 
  borde → upstreams: [{"address":"vergis:8080","num_requests":0,"fails":0}]
  rings.json → active: 9.9.1
  lease → {  "holder": "vergis@9ec5da527560/7",  "ring": null,  "epoch": 14,  "renewedAt": "2026-09-03T14:59:55.030Z",  "pid": 7}
rc=0

######## v16d · 14:59:56
── v16d · V-16d · promocion abortada a proposito (timeout 1 s, sin senal) ──
── estado VIVO (leído del sujeto) ──
  nodo compose (benchv14-vergis-1): 200 {"ok":true,"engine":"clickhouse","phase":"serving"}
  anillo 9.9.1 (vergis-9-9-1): 200 {"ok":true,"engine":"clickhouse","phase":"standby"}
  borde → dial vigente: "upstreams":[{"dial":"vergis:8080"}]}]}]}}}} 
  borde → upstreams: [{"address":"vergis:8080","num_requests":0,"fails":0}]
  rings.json → active: 9.9.1
  lease → {  "holder": "vergis@9ec5da527560/7",  "ring": null,  "epoch": 14,  "renewedAt": "2026-09-03T14:59:55.030Z",  "pid": 7}
 Container benchv14-clickhouse Running 
 Container benchv14-caddy Running 
 Container benchv14-mutador Recreate 
 Container benchv14-poller Recreate 
 Container benchv14-mutador Recreated 
 Container benchv14-poller Recreated 
 Container benchv14-clickhouse Waiting 
 Container benchv14-clickhouse Healthy 
 Container benchv14-mutador Starting 
 Container benchv14-poller Starting 
 Container benchv14-poller Started 
 Container benchv14-mutador Started 
· instrumento y mutador arriba; 8 s de línea base…
  (rc=1 · la duración del comando NO es la medición)
· 12 s de cierre…
{
  "ejecutadas": 32,
  "vivas": 32,
  "perdidas": []
}
{
  "etiqueta": "V-16d · promocion abortada a proposito (timeout 1 s, sin senal)",
  "ventanaDelActo": {
    "inicio": 1788447605000,
    "fin": 1788447617000,
    "duracionMs": 12000
  },
  "muestras": {
    "total": 1090,
    "enVentana": 404,
    "OK": 353,
    "MAL": 51,
    "SINMEDIR": 0
  },
  "fueraDePredicado": 51,
  "tramoA": {
    "respuestas200Standby": 0,
    "ventana": null,
    "relativoAlActoMs": null
  },
  "espera503": {
    "respuestas": 51,
    "ventana": {
      "desde": 1788447606820,
      "hasta": 1788447608402,
      "duracionMs": 1582
    },
    "relativoAlActoMs": {
      "desde": 1820,
      "hasta": 3402
    },
    "latenciaMaxMs": 1582
  },
  "otrasRespuestasFueraDePredicado": [],
  "latenciaDeLasOK": {
    "p50": 4009,
    "p95": 8529,
    "p100": 9067
  },
  "sinmedirDetalle": [],
  "mutaciones": {
    "enVentana": 12,
    "ejecutadas": 11,
    "rechazos409": 0,
    "fallos": [
      {
        "t0": 1788447607734,
        "status": 503,
        "cuerpo": "<!doctype html> <!-- SALA DE ESPERA del borde (issue #210 · I7). La sirve Caddy con status 503 cuando, agotado `lb_try_duration`, ningún anillo declara la fase `serving`. EL LITERAL `phase` + `serving` NO SE ESCRIBE JUNTO EN ESTE ARCHIVO, n"
      }
    ],
    "sinmedir": 0,
    "latenciaMaxMs": 8621
  }
}

── estado VIVO (leído del sujeto) ──
  nodo compose (benchv14-vergis-1): 200 {"ok":true,"engine":"clickhouse","phase":"serving"}
  anillo 9.9.1 (vergis-9-9-1): 200 {"ok":true,"engine":"clickhouse","phase":"standby"}
  borde → dial vigente: "upstreams":[{"dial":"vergis:8080"}]}]}]}}}} 
  borde → upstreams: [{"address":"vergis:8080","num_requests":0,"fails":0}]
  rings.json → active: 9.9.1
  lease → {  "holder": "vergis@9ec5da527560/7",  "ring": null,  "epoch": 16,  "renewedAt": "2026-09-03T15:00:33.065Z",  "pid": 7}
rc=0

######## rss · 15:00:33
── V-RSS · los dos nodos sirviendo (docker stats, una muestra) ──
benchv14-vergis-1	99.19MiB / 1GiB	9.69%	1.13%
vergis-9-9-1	90.73MiB / 1GiB	8.86%	0.29%
benchv14-caddy	54.76MiB / 7.75GiB	0.69%	1.09%

  límite de memoria declarado por contenedor:
  benchv14-vergis-1 → 1073741824 bytes
  vergis-9-9-1 → 1073741824 bytes
rc=0
