
######## preparar · 14:46:55
· levantando el mundo (clickhouse + borde)…
 Container benchv14-clickhouse Running 
 Container benchv14-caddy Running 
 Container benchv14-clickhouse Waiting 
 Container benchv14-clickhouse Healthy 
· creando el NODO COMPOSE benchv14-vergis-1 (SIN VERGIS_RING, alias de red 'vergis')…
  verificado: el nodo compose NO lleva VERGIS_RING ni VERGIS_RING_DIGEST
bench16: el nodo compose no llegó a 'serving'. docker logs benchv14-vergis-1
rc=1

######## v16a · 14:49:17
── V-16a · install 9.9.1 con el NODO COMPOSE activo ──
  lease ANTES: {  "holder": "vergis@54d5ceda9a2e/7",  "ring": "vergis-9-9-1",  "epoch": 7,  "renewedAt": "2026-09-03T14:49:16.441Z",  "pid": 7}
· imagen: benchv14/vergis:9.9.1
  digest: sha256:09f69f311bd5223e8e6348b5952e56a082c9e8cf0d18942f788f3f0bc199d793
· contenedor vergis-9-9-1 ya existe con esta misma imagen (idempotente: no se recrea)
· start vergis-9-9-1 — esperando que responda…
  fase observada: serving
✓ anillo 9.9.1 instalado (activo). Retención vigente: 3 — 'prune' retira lo que sobre.
  (rc=0)
rc=0
fase nodo compose : 200 {"ok":true,"engine":"clickhouse","phase":"standby"}
fase anillo 9.9.1  : 200 {"ok":true,"engine":"clickhouse","phase":"serving"}
lease antes       : {  "holder": "vergis@54d5ceda9a2e/7",  "ring": "vergis-9-9-1",  "epoch": 7,  "renewedAt": "2026-09-03T14:49:16.441Z",  "pid": 7}

lease despues     : {  "holder": "vergis@54d5ceda9a2e/7",  "ring": "vergis-9-9-1",  "epoch": 7,  "renewedAt": "2026-09-03T14:49:18.445Z",  "pid": 7}
borde dial        : "upstreams":[{"dial":"vergis:8080"}]}]}]}}}} 
rc=0

######## v16d · 14:49:20
── v16d · V-16d · promocion abortada a proposito (timeout 1 s, sin senal) ──
── estado VIVO (leído del sujeto) ──
  nodo compose (benchv14-vergis-1): 200 {"ok":true,"engine":"clickhouse","phase":"standby"}
  anillo 9.9.1 (vergis-9-9-1): 200 {"ok":true,"engine":"clickhouse","phase":"serving"}
  borde → dial vigente: "upstreams":[{"dial":"vergis:8080"}]}]}]}}}} 
  borde → upstreams: [{"address":"vergis:8080","num_requests":0,"fails":0}]
  rings.json → active: 
  lease → {  "holder": "vergis@54d5ceda9a2e/7",  "ring": "vergis-9-9-1",  "epoch": 7,  "renewedAt": "2026-09-03T14:49:20.444Z",  "pid": 7}
 Container benchv14-clickhouse Running 
 Container benchv14-caddy Running 
 Container benchv14-clickhouse Waiting 
 Container benchv14-clickhouse Healthy 
 Container benchv14-poller Starting 
 Container benchv14-mutador Starting 
 Container benchv14-mutador Started 
 Container benchv14-poller Started 
· instrumento y mutador arriba; 8 s de línea base…
  (rc=0 · la duración del comando NO es la medición)
· 12 s de cierre…
{
  "ejecutadas": 14,
  "vivas": 14,
  "perdidas": []
}
{
  "etiqueta": "V-16d · promocion abortada a proposito (timeout 1 s, sin senal)",
  "ventanaDelActo": {
    "inicio": 1788446969000,
    "fin": 1788446970000,
    "duracionMs": 1000
  },
  "muestras": {
    "total": 699,
    "enVentana": 270,
    "OK": 0,
    "MAL": 270,
    "SINMEDIR": 0
  },
  "fueraDePredicado": 270,
  "tramoA": {
    "respuestas200Standby": 0,
    "ventana": null,
    "relativoAlActoMs": null
  },
  "espera503": {
    "respuestas": 270,
    "ventana": {
      "desde": 1788446961826,
      "hasta": 1788446970637,
      "duracionMs": 8811
    },
    "relativoAlActoMs": {
      "desde": -7174,
      "hasta": 1637
    },
    "latenciaMaxMs": 8712
  },
  "otrasRespuestasFueraDePredicado": [],
  "latenciaDeLasOK": {
    "p50": null,
    "p95": null,
    "p100": null
  },
  "sinmedirDetalle": [],
  "mutaciones": {
    "enVentana": 8,
    "ejecutadas": 0,
    "rechazos409": 0,
    "fallos": [
      {
        "t0": 1788446964810,
        "status": 503,
        "cuerpo": "<!doctype html> <!-- SALA DE ESPERA del borde (issue #210 · I7). La sirve Caddy con status 503 cuando, agotado `lb_try_duration`, ningún anillo declara la fase `serving`. EL LITERAL `phase` + `serving` NO SE ESCRIBE JUNTO EN ESTE ARCHIVO, n"
      },
      {
        "t0": 1788446967813,
        "status": 503,
        "cuerpo": "<!doctype html> <!-- SALA DE ESPERA del borde (issue #210 · I7). La sirve Caddy con status 503 cuando, agotado `lb_try_duration`, ningún anillo declara la fase `serving`. EL LITERAL `phase` + `serving` NO SE ESCRIBE JUNTO EN ESTE ARCHIVO, n"
      },
      {
        "t0": 1788446965811,
        "status": 503,
        "cuerpo": "<!doctype html> <!-- SALA DE ESPERA del borde (issue #210 · I7). La sirve Caddy con status 503 cuando, agotado `lb_try_duration`, ningún anillo declara la fase `serving`. EL LITERAL `phase` + `serving` NO SE ESCRIBE JUNTO EN ESTE ARCHIVO, n"
      },
      {
        "t0": 1788446962804,
        "status": 503,
        "cuerpo": "<!doctype html> <!-- SALA DE ESPERA del borde (issue #210 · I7). La sirve Caddy con status 503 cuando, agotado `lb_try_duration`, ningún anillo declara la fase `serving`. EL LITERAL `phase` + `serving` NO SE ESCRIBE JUNTO EN ESTE ARCHIVO, n"
      },
      {
        "t0": 1788446968814,
        "status": 503,
        "cuerpo": "<!doctype html> <!-- SALA DE ESPERA del borde (issue #210 · I7). La sirve Caddy con status 503 cuando, agotado `lb_try_duration`, ningún anillo declara la fase `serving`. EL LITERAL `phase` + `serving` NO SE ESCRIBE JUNTO EN ESTE ARCHIVO, n"
      },
      {
        "t0": 1788446963808,
        "status": 503,
        "cuerpo": "<!doctype html> <!-- SALA DE ESPERA del borde (issue #210 · I7). La sirve Caddy con status 503 cuando, agotado `lb_try_duration`, ningún anillo declara la fase `serving`. EL LITERAL `phase` + `serving` NO SE ESCRIBE JUNTO EN ESTE ARCHIVO, n"
      },
      {
        "t0": 1788446966812,
        "status": 503,
        "cuerpo": "<!doctype html> <!-- SALA DE ESPERA del borde (issue #210 · I7). La sirve Caddy con status 503 cuando, agotado `lb_try_duration`, ningún anillo declara la fase `serving`. EL LITERAL `phase` + `serving` NO SE ESCRIBE JUNTO EN ESTE ARCHIVO, n"
      },
      {
        "t0": 1788446969815,
        "status": 503,
        "cuerpo": "<!doctype html> <!-- SALA DE ESPERA del borde (issue #210 · I7). La sirve Caddy con status 503 cuando, agotado `lb_try_duration`, ningún anillo declara la fase `serving`. EL LITERAL `phase` + `serving` NO SE ESCRIBE JUNTO EN ESTE ARCHIVO, n"
      }
    ],
    "sinmedir": 0,
    "latenciaMaxMs": 7647
  }
}

── estado VIVO (leído del sujeto) ──
  nodo compose (benchv14-vergis-1): 200 {"ok":true,"engine":"clickhouse","phase":"standby"}
  anillo 9.9.1 (vergis-9-9-1): 200 {"ok":true,"engine":"clickhouse","phase":"serving"}
  borde → dial vigente: "upstreams":[{"dial":"vergis-9-9-1:8080"}]}]}]}}}} 
  borde → upstreams: [{"address":"vergis-9-9-1:8080","num_requests":0,"fails":0}]
  rings.json → active: 9.9.1
  lease → {  "holder": "vergis@54d5ceda9a2e/7",  "ring": "vergis-9-9-1",  "epoch": 7,  "renewedAt": "2026-09-03T14:49:44.477Z",  "pid": 7}
rc=0

######## v16b · 14:49:46
── v16b · V-16b · primera promocion CON wrapper (SIGUSR2 al nodo compose) ──
── estado VIVO (leído del sujeto) ──
  nodo compose (benchv14-vergis-1): 200 {"ok":true,"engine":"clickhouse","phase":"standby"}
  anillo 9.9.1 (vergis-9-9-1): 200 {"ok":true,"engine":"clickhouse","phase":"serving"}
  borde → dial vigente: "upstreams":[{"dial":"vergis-9-9-1:8080"}]}]}]}}}} 
  borde → upstreams: [{"address":"vergis-9-9-1:8080","num_requests":0,"fails":0}]
  rings.json → active: 9.9.1
  lease → {  "holder": "vergis@54d5ceda9a2e/7",  "ring": "vergis-9-9-1",  "epoch": 7,  "renewedAt": "2026-09-03T14:49:46.477Z",  "pid": 7}
 Container benchv14-clickhouse Running 
 Container benchv14-caddy Running 
 Container benchv14-mutador Recreate 
 Container benchv14-poller Recreate 
 Container benchv14-poller Recreated 
 Container benchv14-mutador Recreated 
 Container benchv14-clickhouse Waiting 
 Container benchv14-clickhouse Healthy 
 Container benchv14-mutador Starting 
 Container benchv14-poller Starting 
 Container benchv14-poller Started 
 Container benchv14-mutador Started 
· instrumento y mutador arriba; 8 s de línea base…
  (rc=0 · la duración del comando NO es la medición)
· 12 s de cierre…
{
  "ejecutadas": 22,
  "vivas": 22,
  "perdidas": []
}
{
  "etiqueta": "V-16b · primera promocion CON wrapper (SIGUSR2 al nodo compose)",
  "ventanaDelActo": {
    "inicio": 1788446995000,
    "fin": 1788446996000,
    "duracionMs": 1000
  },
  "muestras": {
    "total": 700,
    "enVentana": 33,
    "OK": 33,
    "MAL": 0,
    "SINMEDIR": 0
  },
  "fueraDePredicado": 0,
  "tramoA": {
    "respuestas200Standby": 0,
    "ventana": null,
    "relativoAlActoMs": null
  },
  "espera503": {
    "respuestas": 0,
    "ventana": null,
    "relativoAlActoMs": null,
    "latenciaMaxMs": null
  },
  "otrasRespuestasFueraDePredicado": [],
  "latenciaDeLasOK": {
    "p50": 5,
    "p95": 10,
    "p100": 12
  },
  "sinmedirDetalle": [],
  "mutaciones": {
    "enVentana": 1,
    "ejecutadas": 1,
    "rechazos409": 0,
    "fallos": [],
    "sinmedir": 0,
    "latenciaMaxMs": 26
  }
}

── estado VIVO (leído del sujeto) ──
  nodo compose (benchv14-vergis-1): 200 {"ok":true,"engine":"clickhouse","phase":"standby"}
  anillo 9.9.1 (vergis-9-9-1): 200 {"ok":true,"engine":"clickhouse","phase":"serving"}
  borde → dial vigente: "upstreams":[{"dial":"vergis-9-9-1:8080"}]}]}]}}}} 
  borde → upstreams: [{"address":"vergis-9-9-1:8080","num_requests":0,"fails":0}]
  rings.json → active: 9.9.1
  lease → {  "holder": "vergis@54d5ceda9a2e/7",  "ring": "vergis-9-9-1",  "epoch": 7,  "renewedAt": "2026-09-03T14:50:10.515Z",  "pid": 7}
rc=0

######## v16c · 14:50:11
── v16c · V-16c · vuelta atras manual: anillo -> nodo compose ──
── estado VIVO (leído del sujeto) ──
  nodo compose (benchv14-vergis-1): 200 {"ok":true,"engine":"clickhouse","phase":"standby"}
  anillo 9.9.1 (vergis-9-9-1): 200 {"ok":true,"engine":"clickhouse","phase":"serving"}
  borde → dial vigente: "upstreams":[{"dial":"vergis-9-9-1:8080"}]}]}]}}}} 
  borde → upstreams: [{"address":"vergis-9-9-1:8080","num_requests":0,"fails":0}]
  rings.json → active: 9.9.1
  lease → {  "holder": "vergis@54d5ceda9a2e/7",  "ring": "vergis-9-9-1",  "epoch": 7,  "renewedAt": "2026-09-03T14:50:10.515Z",  "pid": 7}
 Container benchv14-clickhouse Running 
 Container benchv14-caddy Running 
 Container benchv14-poller Recreate 
 Container benchv14-mutador Recreate 
 Container benchv14-poller Recreated 
 Container benchv14-mutador Recreated 
 Container benchv14-clickhouse Waiting 
 Container benchv14-clickhouse Healthy 
 Container benchv14-poller Starting 
 Container benchv14-mutador Starting 
 Container benchv14-poller Started 
 Container benchv14-mutador Started 
· instrumento y mutador arriba; 8 s de línea base…
  (rc=0 · la duración del comando NO es la medición)
· 12 s de cierre…
{
  "ejecutadas": 24,
  "vivas": 24,
  "perdidas": []
}
{
  "etiqueta": "V-16c · vuelta atras manual: anillo -> nodo compose",
  "ventanaDelActo": {
    "inicio": 1788447021000,
    "fin": 1788447023000,
    "duracionMs": 2000
  },
  "muestras": {
    "total": 770,
    "enVentana": 66,
    "OK": 66,
    "MAL": 0,
    "SINMEDIR": 0
  },
  "fueraDePredicado": 0,
  "tramoA": {
    "respuestas200Standby": 0,
    "ventana": null,
    "relativoAlActoMs": null
  },
  "espera503": {
    "respuestas": 0,
    "ventana": null,
    "relativoAlActoMs": null,
    "latenciaMaxMs": null
  },
  "otrasRespuestasFueraDePredicado": [],
  "latenciaDeLasOK": {
    "p50": 1507,
    "p95": 2507,
    "p100": 2517
  },
  "sinmedirDetalle": [],
  "mutaciones": {
    "enVentana": 2,
    "ejecutadas": 2,
    "rechazos409": 0,
    "fallos": [],
    "sinmedir": 0,
    "latenciaMaxMs": 1609
  }
}

── estado VIVO (leído del sujeto) ──
  nodo compose (benchv14-vergis-1): 200 {"ok":true,"engine":"clickhouse","phase":"serving"}
  anillo 9.9.1 (vergis-9-9-1): 200 {"ok":true,"engine":"clickhouse","phase":"standby"}
  borde → dial vigente: "upstreams":[{"dial":"vergis:8080"}]}]}]}}}} 
  borde → upstreams: [{"address":"vergis:8080","num_requests":0,"fails":0}]
  rings.json → active: 9.9.1
  lease → {  "holder": "vergis@522511d89416/7",  "ring": null,  "epoch": 8,  "renewedAt": "2026-09-03T14:50:37.454Z",  "pid": 7}
rc=0

######## rss · 14:50:39
── V-RSS · los dos nodos sirviendo (docker stats, una muestra) ──
benchv14-vergis-1	82.02MiB / 1GiB	8.01%	0.95%
vergis-9-9-1	89.57MiB / 1GiB	8.75%	0.56%
benchv14-caddy	61.15MiB / 7.75GiB	0.77%	0.68%

  límite de memoria declarado por contenedor:
  benchv14-vergis-1 → 1073741824 bytes
  vergis-9-9-1 → 1073741824 bytes
rc=0
